     1 00000000                                 [FORMAT "WCOFF"]
     2 00000000                                 [INSTRSET "i486p"]
     3 00000000                                 [OPTIMIZE 1]
     4 00000000                                 [OPTION 1]
     5 00000000                                 [BITS 32]
     6 00000000                                 	EXTERN	_init_gdtidt
     7 00000000                                 	EXTERN	_init_palette
     8 00000000                                 	EXTERN	_init_screen
     9 00000000                                 	EXTERN	_init_mouse_cursor8
    10 00000000                                 	EXTERN	_putblock8_8
    11 00000000                                 	EXTERN	_io_hlt
    12 00000000                                 [FILE "bootpack.c"]
    13                                          [SECTION .text]
    14 00000000                                 	GLOBAL	_HariMain
    15 00000000                                 _HariMain:
    16 00000000 55                              	PUSH	EBP
    17 00000001 89 E5                           	MOV	EBP,ESP
    18 00000003 57                              	PUSH	EDI
    19 00000004 56                              	PUSH	ESI
    20 00000005 53                              	PUSH	EBX
    21 00000006 81 EC 00000100                  	SUB	ESP,256
    22 0000000C 0F BF 1D 00000FF6               	MOVSX	EBX,WORD [4086]
    23 00000013 0F BF 3D 00000FF4               	MOVSX	EDI,WORD [4084]
    24 0000001A 8B 35 00000FF8                  	MOV	ESI,DWORD [4088]
    25 00000020 E8 [00000000]                   	CALL	_init_gdtidt
    26 00000025 E8 [00000000]                   	CALL	_init_palette
    27 0000002A 53                              	PUSH	EBX
    28 0000002B 57                              	PUSH	EDI
    29 0000002C 8D 9D FFFFFEF4                  	LEA	EBX,DWORD [-268+EBP]
    30 00000032 56                              	PUSH	ESI
    31 00000033 E8 [00000000]                   	CALL	_init_screen
    32 00000038 6A 0E                           	PUSH	14
    33 0000003A 53                              	PUSH	EBX
    34 0000003B E8 [00000000]                   	CALL	_init_mouse_cursor8
    35 00000040 6A 10                           	PUSH	16
    36 00000042 53                              	PUSH	EBX
    37 00000043 6A 50                           	PUSH	80
    38 00000045 6A 50                           	PUSH	80
    39 00000047 6A 10                           	PUSH	16
    40 00000049 6A 10                           	PUSH	16
    41 0000004B 0F BF 05 00000FF4               	MOVSX	EAX,WORD [4084]
    42 00000052 50                              	PUSH	EAX
    43 00000053 FF 35 00000FF8                  	PUSH	DWORD [4088]
    44 00000059 E8 [00000000]                   	CALL	_putblock8_8
    45 0000005E 83 C4 34                        	ADD	ESP,52
    46 00000061                                 L2:
    47 00000061 E8 [00000000]                   	CALL	_io_hlt
    48 00000066 EB F9                           	JMP	L2
